// Vitest Snapshot v1, https://vitest.dev/guide/snapshot.html

exports[`parsePlayerTable — real injured (Premier League) fixture > matches the parsed snapshot 1`] = `
[
  {
    "club": "Arsenal FC",
    "clubLogo": "https://tmssl.akamaized.net//images/wappen/head/11.png?lm=1489787850",
    "imageUrl": "https://img.a.transfermarkt.technology/portrait/header/420243-1702413077.jpg?lm=1",
    "marketValue": "€70.00m",
    "name": "Jurriën Timber",
    "playerId": "420243",
    "position": "Right-Back",
    "profileUrl": "/jurrien-timber/profil/spieler/420243",
  },
  {
    "club": "Hull City",
    "clubLogo": "https://tmssl.akamaized.net//images/wappen/head/3008.png?lm=1562662491",
    "imageUrl": "https://img.a.transfermarkt.technology/portrait/header/663264-1656928941.jpg?lm=1",
    "marketValue": "€2.00m",
    "name": "Darko Gyabi",
    "playerId": "663264",
    "position": "Central Midfield",
    "profileUrl": "/darko-gyabi/profil/spieler/663264",
  },
  {
    "club": "Brentford FC",
    "clubLogo": "https://tmssl.akamaized.net//images/wappen/head/1148.png?lm=1625150543",
    "imageUrl": "https://img.a.transfermarkt.technology/portrait/header/1071138-1748855907.jpg?lm=1",
    "marketValue": "€600k",
    "name": "Benjamin Fredrick",
    "playerId": "1071138",
    "position": "Centre-Back",
    "profileUrl": "/benjamin-fredrick/profil/spieler/1071138",
  },
  {
    "club": "Brentford FC",
    "clubLogo": "https://tmssl.akamaized.net//images/wappen/head/1148.png?lm=1625150543",
    "imageUrl": "https://img.a.transfermarkt.technology/portrait/header/915418-1754993245.png?lm=1",
    "marketValue": "€18.00m",
    "name": "Jannik Schuster",
    "playerId": "915418",
    "position": "Centre-Back",
    "profileUrl": "/jannik-schuster/profil/spieler/915418",
  },
  {
    "club": "Brentford FC",
    "clubLogo": "https://tmssl.akamaized.net//images/wappen/head/1148.png?lm=1625150543",
    "imageUrl": "https://img.a.transfermarkt.technology/portrait/header/717411-1740606151.jpg?lm=1",
    "marketValue": "€32.00m",
    "name": "Yegor Yarmolyuk",
    "playerId": "717411",
    "position": "Central Midfield",
    "profileUrl": "/yegor-yarmolyuk/profil/spieler/717411",
  },
  {
    "club": "Coventry City",
    "clubLogo": "https://tmssl.akamaized.net//images/wappen/head/990.png?lm=1684518179",
    "imageUrl": "https://img.a.transfermarkt.technology/portrait/header/713649-1733831034.jpg?lm=1",
    "marketValue": "€1.00m",
    "name": "Miguel Ángel Brau",
    "playerId": "713649",
    "position": "Left-Back",
    "profileUrl": "/miguel-angel-brau/profil/spieler/713649",
  },
  {
    "club": "Coventry City",
    "clubLogo": "https://tmssl.akamaized.net//images/wappen/head/990.png?lm=1684518179",
    "imageUrl": "https://img.a.transfermarkt.technology/portrait/header/527329-1637671679.jpg?lm=1",
    "marketValue": "€2.00m",
    "name": "Oliver Dovin",
    "playerId": "527329",
    "position": "Goalkeeper",
    "profileUrl": "/oliver-dovin/profil/spieler/527329",
  },
  {
    "club": "AFC Bournemouth",
    "clubLogo": "https://tmssl.akamaized.net//images/wappen/head/989.png?lm=1457991811",
    "imageUrl": "https://img.a.transfermarkt.technology/portrait/header/994604-1709490110.jpg?lm=1",
    "marketValue": "€1.00m",
    "name": "Matai Akinmboni",
    "playerId": "994604",
    "position": "Centre-Back",
    "profileUrl": "/matai-akinmboni/profil/spieler/994604",
  },
  {
    "club": "AFC Bournemouth",
    "clubLogo": "https://tmssl.akamaized.net//images/wappen/head/989.png?lm=1457991811",
    "imageUrl": "https://img.a.transfermarkt.technology/portrait/header/582078-1651653108.jpg?lm=1",
    "marketValue": "€325k",
    "name": "Will Dennis",
    "playerId": "582078",
    "position": "Goalkeeper",
    "profileUrl": "/will-dennis/profil/spieler/582078",
  },
  {
    "club": "Manchester United",
    "clubLogo": "https://tmssl.akamaized.net//images/wappen/head/985.png?lm=1457975903",
    "imageUrl": "https://img.a.transfermarkt.technology/portrait/header/476701-1715107512.jpg?lm=1",
    "marketValue": "€25.00m",
    "name": "Manuel Ugarte",
    "playerId": "476701",
    "position": "Defensive Midfield",
    "profileUrl": "/manuel-ugarte/profil/spieler/476701",
  },
  {
    "club": "Crystal Palace",
    "clubLogo": "https://tmssl.akamaized.net//images/wappen/head/873.png?lm=1457723287",
    "imageUrl": "https://img.a.transfermarkt.technology/portrait/header/1047261-1736159500.jpg?lm=1",
    "marketValue": "€1.00m",
    "name": "Caleb Kporha",
    "playerId": "1047261",
    "position": "Right-Back",
    "profileUrl": "/caleb-kporha/profil/spieler/1047261",
  },
  {
    "club": "Newcastle United",
    "clubLogo": "https://tmssl.akamaized.net//images/wappen/head/762.png?lm=1472921161",
    "imageUrl": "https://img.a.transfermarkt.technology/portrait/header/503981-1699383321.jpg?lm=1",
    "marketValue": "€45.00m",
    "name": "Tino Livramento",
    "playerId": "503981",
    "position": "Right-Back",
    "profileUrl": "/tino-livramento/profil/spieler/503981",
  },
  {
    "club": "Ipswich Town",
    "clubLogo": "https://tmssl.akamaized.net//images/wappen/head/677.png?lm=1407655249",
    "imageUrl": "https://img.a.transfermarkt.technology/portrait/header/621193-1731659829.jpg?lm=1",
    "marketValue": "€10.00m",
    "name": "Kasey McAteer",
    "playerId": "621193",
    "position": "Right Midfield",
    "profileUrl": "/kasey-mcateer/profil/spieler/621193",
  },
  {
    "club": "Chelsea FC",
    "clubLogo": "https://tmssl.akamaized.net//images/wappen/head/631.png?lm=1782931342",
    "imageUrl": "https://img.a.transfermarkt.technology/portrait/header/746833-1732575786.png?lm=1",
    "marketValue": "€8.00m",
    "name": "Caleb Wiley",
    "playerId": "746833",
    "position": "Left-Back",
    "profileUrl": "/caleb-wiley/profil/spieler/746833",
  },
  {
    "club": "Everton FC",
    "clubLogo": "https://tmssl.akamaized.net//images/wappen/head/29.png?lm=1445949846",
    "imageUrl": "https://img.a.transfermarkt.technology/portrait/header/538216-1679665183.jpg?lm=1",
    "marketValue": "€32.00m",
    "name": "Hayden Hackney",
    "playerId": "538216",
    "position": "Defensive Midfield",
    "profileUrl": "/hayden-hackney/profil/spieler/538216",
  },
  {
    "club": "Liverpool FC",
    "clubLogo": "https://tmssl.akamaized.net//images/wappen/head/31.png?lm=1727873452",
    "imageUrl": "https://img.a.transfermarkt.technology/portrait/header/146310-1657181542.jpg?lm=1",
    "marketValue": "€4.00m",
    "name": "Wataru Endo",
    "playerId": "146310",
    "position": "Defensive Midfield",
    "profileUrl": "/wataru-endo/profil/spieler/146310",
  },
  {
    "club": "Sunderland AFC",
    "clubLogo": "https://tmssl.akamaized.net//images/wappen/head/289.png?lm=1485645633",
    "imageUrl": "https://img.a.transfermarkt.technology/portrait/header/617755-1756751142.jpg?lm=1",
    "marketValue": "€5.00m",
    "name": "Jenson Seelt",
    "playerId": "617755",
    "position": "Centre-Back",
    "profileUrl": "/jenson-seelt/profil/spieler/617755",
  },
  {
    "club": "Sunderland AFC",
    "clubLogo": "https://tmssl.akamaized.net//images/wappen/head/289.png?lm=1485645633",
    "imageUrl": "https://img.a.transfermarkt.technology/portrait/header/277697-1724771465.jpg?lm=1",
    "marketValue": "€2.00m",
    "name": "Alan Browne",
    "playerId": "277697",
    "position": "Central Midfield",
    "profileUrl": "/alan-browne/profil/spieler/277697",
  },
  {
    "club": "Aston Villa",
    "clubLogo": "https://tmssl.akamaized.net//images/wappen/head/405.png?lm=1717155982",
    "imageUrl": "https://img.a.transfermarkt.technology/portrait/header/485706-1718697649.jpg?lm=1",
    "marketValue": "€45.00m",
    "name": "Amadou Onana",
    "playerId": "485706",
    "position": "Defensive Midfield",
    "profileUrl": "/amadou-onana/profil/spieler/485706",
  },
  {
    "club": "Arsenal FC",
    "clubLogo": "https://tmssl.akamaized.net//images/wappen/head/11.png?lm=1489787850",
    "imageUrl": "https://img.a.transfermarkt.technology/portrait/header/335721-1683275943.jpg?lm=1",
    "marketValue": "€30.00m",
    "name": "Ben White",
    "playerId": "335721",
    "position": "Right-Back",
    "profileUrl": "/ben-white/profil/spieler/335721",
  },
  {
    "club": "Nottingham Forest",
    "clubLogo": "https://tmssl.akamaized.net//images/wappen/head/703.png?lm=1598890289",
    "imageUrl": "https://img.a.transfermarkt.technology/portrait/header/392768-1659969850.png?lm=1",
    "marketValue": "€30.00m",
    "name": "Callum Hudson-Odoi",
    "playerId": "392768",
    "position": "Left Winger",
    "profileUrl": "/callum-hudson-odoi/profil/spieler/392768",
  },
  {
    "club": "Tottenham Hotspur",
    "clubLogo": "https://tmssl.akamaized.net//images/wappen/head/148.png?lm=1732011953",
    "imageUrl": "https://img.a.transfermarkt.technology/portrait/header/431755-1684943454.jpg?lm=1",
    "marketValue": "€17.00m",
    "name": "Dejan Kulusevski",
    "playerId": "431755",
    "position": "Attacking Midfield",
    "profileUrl": "/dejan-kulusevski/profil/spieler/431755",
  },
  {
    "club": "Leeds United",
    "clubLogo": "https://tmssl.akamaized.net//images/wappen/head/399.png?lm=1645652224",
    "imageUrl": "https://img.a.transfermarkt.technology/portrait/header/346707-1682341336.jpg?lm=1",
    "marketValue": "€15.00m",
    "name": "Sean Longstaff",
    "playerId": "346707",
    "position": "Central Midfield",
    "profileUrl": "/sean-longstaff/profil/spieler/346707",
  },
  {
    "club": "Brentford FC",
    "clubLogo": "https://tmssl.akamaized.net//images/wappen/head/1148.png?lm=1625150543",
    "imageUrl": "https://img.a.transfermarkt.technology/portrait/header/683620-1691146656.jpg?lm=1",
    "marketValue": "€15.00m",
    "name": "Antoni Milambo",
    "playerId": "683620",
    "position": "Attacking Midfield",
    "profileUrl": "/antoni-milambo/profil/spieler/683620",
  },
  {
    "club": "Brentford FC",
    "clubLogo": "https://tmssl.akamaized.net//images/wappen/head/1148.png?lm=1625150543",
    "imageUrl": "https://img.a.transfermarkt.technology/portrait/header/559263-1687517452.jpg?lm=1",
    "marketValue": "€8.00m",
    "name": "Fábio Carvalho",
    "playerId": "559263",
    "position": "Attacking Midfield",
    "profileUrl": "/fabio-carvalho/profil/spieler/559263",
  },
  {
    "club": "Brighton & Hove Albion",
    "clubLogo": "https://tmssl.akamaized.net//images/wappen/head/1237.png?lm=1492718902",
    "imageUrl": "https://img.a.transfermarkt.technology/portrait/header/950091-1722955946.jpg?lm=1",
    "marketValue": "€18.00m",
    "name": "Stefanos Tzimas",
    "playerId": "950091",
    "position": "Centre-Forward",
    "profileUrl": "/stefanos-tzimas/profil/spieler/950091",
  },
  {
    "club": "Aston Villa",
    "clubLogo": "https://tmssl.akamaized.net//images/wappen/head/405.png?lm=1717155982",
    "imageUrl": "https://img.a.transfermarkt.technology/portrait/header/394327-1736160460.jpg?lm=1",
    "marketValue": "€40.00m",
    "name": "Boubacar Kamara",
    "playerId": "394327",
    "position": "Defensive Midfield",
    "profileUrl": "/boubacar-kamara/profil/spieler/394327",
  },
  {
    "club": "Tottenham Hotspur",
    "clubLogo": "https://tmssl.akamaized.net//images/wappen/head/148.png?lm=1732011953",
    "imageUrl": "https://img.a.transfermarkt.technology/portrait/header/743498-1740605858.jpg?lm=1",
    "marketValue": "€18.00m",
    "name": "Wilson Odobert",
    "playerId": "743498",
    "position": "Left Winger",
    "profileUrl": "/wilson-odobert/profil/spieler/743498",
  },
  {
    "club": "Hull City",
    "clubLogo": "https://tmssl.akamaized.net//images/wappen/head/3008.png?lm=1562662491",
    "imageUrl": "https://img.a.transfermarkt.technology/portrait/header/535834-1706869303.jpg?lm=1",
    "marketValue": "€1.50m",
    "name": "Eliot Matazo",
    "playerId": "535834",
    "position": "Central Midfield",
    "profileUrl": "/eliot-matazo/profil/spieler/535834",
  },
  {
    "club": "Liverpool FC",
    "clubLogo": "https://tmssl.akamaized.net//images/wappen/head/31.png?lm=1727873452",
    "imageUrl": "https://img.a.transfermarkt.technology/portrait/header/709726-1758714741.jpg?lm=1",
    "marketValue": "€80.00m",
    "name": "Hugo Ekitiké",
    "playerId": "709726",
    "position": "Centre-Forward",
    "profileUrl": "/hugo-ekitike/profil/spieler/709726",
  },
  {
    "club": "Leeds United",
    "clubLogo": "https://tmssl.akamaized.net//images/wappen/head/399.png?lm=1645652224",
    "imageUrl": "https://img.a.transfermarkt.technology/portrait/header/834742-1749739164.jpg?lm=1",
    "marketValue": "€3.50m",
    "name": "Mateo Joseph",
    "playerId": "834742",
    "position": "Centre-Forward",
    "profileUrl": "/mateo-joseph/profil/spieler/834742",
  },
  {
    "club": "Tottenham Hotspur",
    "clubLogo": "https://tmssl.akamaized.net//images/wappen/head/148.png?lm=1732011953",
    "imageUrl": "https://img.a.transfermarkt.technology/portrait/header/566931-1729778226.jpg?lm=1",
    "marketValue": "€40.00m",
    "name": "Xavi Simons",
    "playerId": "566931",
    "position": "Attacking Midfield",
    "profileUrl": "/xavi-simons/profil/spieler/566931",
  },
]
`;

exports[`parsePlayerTable — real market-value page (player cell in column 1) > matches the parsed snapshot 1`] = `
[
  {
    "age": 19,
    "club": "FC Barcelona",
    "flag": "https://tmssl.akamaized.net//images/flagge/head/157.png?lm=1520611569",
    "imageUrl": "https://img.a.transfermarkt.technology/portrait/header/937958-1773173768.jpg?lm=1",
    "marketValue": "€200.00m",
    "name": "Lamine Yamal",
    "nationality": "Spain",
    "playerId": "937958",
    "position": "Right Winger",
  },
  {
    "age": 25,
    "club": "Manchester City",
    "flag": "https://tmssl.akamaized.net//images/flagge/head/125.png?lm=1520611569",
    "imageUrl": "https://img.a.transfermarkt.technology/portrait/header/418560-1709108116.png?lm=1",
    "marketValue": "€200.00m",
    "name": "Erling Haaland",
    "nationality": "Norway",
    "playerId": "418560",
    "position": "Centre-Forward",
  },
  {
    "age": 27,
    "club": "Real Madrid",
    "flag": "https://tmssl.akamaized.net//images/flagge/head/50.png?lm=1520611569",
    "imageUrl": "https://img.a.transfermarkt.technology/portrait/header/342229-1682683695.jpg?lm=1",
    "marketValue": "€180.00m",
    "name": "Kylian Mbappé",
    "nationality": "France",
    "playerId": "342229",
    "position": "Centre-Forward",
  },
  {
    "age": 23,
    "club": "FC Barcelona",
    "flag": "https://tmssl.akamaized.net//images/flagge/head/157.png?lm=1520611569",
    "imageUrl": "https://img.a.transfermarkt.technology/portrait/header/683840-1744278342.jpg?lm=1",
    "marketValue": "€150.00m",
    "name": "Pedri",
    "nationality": "Spain",
    "playerId": "683840",
    "position": "Central Midfield",
  },
  {
    "age": 24,
    "club": "Bayern Munich",
    "flag": "https://tmssl.akamaized.net//images/flagge/head/50.png?lm=1520611569",
    "imageUrl": "https://img.a.transfermarkt.technology/portrait/header/566723-1762944477.jpg?lm=1",
    "marketValue": "€150.00m",
    "name": "Michael Olise",
    "nationality": "France",
    "playerId": "566723",
    "position": "Right Winger",
  },
  {
    "age": 21,
    "club": "Paris Saint-Germain",
    "flag": "https://tmssl.akamaized.net//images/flagge/head/136.png?lm=1520611569",
    "imageUrl": "https://img.a.transfermarkt.technology/portrait/header/670681-1701295511.jpg?lm=1",
    "marketValue": "€140.00m",
    "name": "João Neves",
    "nationality": "Portugal",
    "playerId": "670681",
    "position": "Central Midfield",
  },
  {
    "age": 25,
    "club": "Paris Saint-Germain",
    "flag": "https://tmssl.akamaized.net//images/flagge/head/53.png?lm=1520611569",
    "imageUrl": "https://img.a.transfermarkt.technology/portrait/header/502670-1777411223.jpg?lm=1",
    "marketValue": "€140.00m",
    "name": "Khvicha Kvaratskhelia",
    "nationality": "Georgia",
    "playerId": "502670",
    "position": "Left Winger",
  },
  {
    "age": 26,
    "club": "Paris Saint-Germain",
    "flag": "https://tmssl.akamaized.net//images/flagge/head/136.png?lm=1520611569",
    "imageUrl": "https://img.a.transfermarkt.technology/portrait/header/487469-1749415169.jpg?lm=1",
    "marketValue": "€140.00m",
    "name": "Vitinha",
    "nationality": "Portugal",
    "playerId": "487469",
    "position": "Defensive Midfield",
  },
  {
    "age": 26,
    "club": "Real Madrid",
    "flag": "https://tmssl.akamaized.net//images/flagge/head/26.png?lm=1520611569",
    "imageUrl": "https://img.a.transfermarkt.technology/portrait/header/371998-1761575144.jpg?lm=1",
    "marketValue": "€140.00m",
    "name": "Vinicius Junior",
    "nationality": "Brazil",
    "playerId": "371998",
    "position": "Left Winger",
  },
  {
    "age": 23,
    "club": "Real Madrid",
    "flag": "https://tmssl.akamaized.net//images/flagge/head/189.png?lm=1520611569",
    "imageUrl": "https://img.a.transfermarkt.technology/portrait/header/581678-1748102891.jpg?lm=1",
    "marketValue": "€130.00m",
    "name": "Jude Bellingham",
    "nationality": "England",
    "playerId": "581678",
    "position": "Attacking Midfield",
  },
  {
    "age": 21,
    "club": "Paris Saint-Germain",
    "flag": "https://tmssl.akamaized.net//images/flagge/head/50.png?lm=1520611569",
    "imageUrl": "https://img.a.transfermarkt.technology/portrait/header/914562-1667317075.jpg?lm=1",
    "marketValue": "€120.00m",
    "name": "Désiré Doué",
    "nationality": "France",
    "playerId": "914562",
    "position": "Right Winger",
  },
  {
    "age": 27,
    "club": "Arsenal FC",
    "flag": "https://tmssl.akamaized.net//images/flagge/head/189.png?lm=1520611569",
    "imageUrl": "https://img.a.transfermarkt.technology/portrait/header/357662-1687962936.jpg?lm=1",
    "marketValue": "€120.00m",
    "name": "Declan Rice",
    "nationality": "England",
    "playerId": "357662",
    "position": "Central Midfield",
  },
  {
    "age": 24,
    "club": "Arsenal FC",
    "flag": "https://tmssl.akamaized.net//images/flagge/head/189.png?lm=1520611569",
    "imageUrl": "https://img.a.transfermarkt.technology/portrait/header/433177-1684155052.jpg?lm=1",
    "marketValue": "€110.00m",
    "name": "Bukayo Saka",
    "nationality": "England",
    "playerId": "433177",
    "position": "Right Winger",
  },
  {
    "age": 24,
    "club": "Chelsea FC",
    "flag": "https://tmssl.akamaized.net//images/flagge/head/44.png?lm=1520611569",
    "imageUrl": "https://img.a.transfermarkt.technology/portrait/header/687626-1660729724.jpg?lm=1",
    "marketValue": "€100.00m",
    "name": "Moisés Caicedo",
    "nationality": "Ecuador",
    "playerId": "687626",
    "position": "Defensive Midfield",
  },
  {
    "age": 23,
    "club": "FC Barcelona",
    "flag": "https://tmssl.akamaized.net//images/flagge/head/157.png?lm=1520611569",
    "imageUrl": "https://img.a.transfermarkt.technology/portrait/header/636703-1698086824.jpg?lm=1",
    "marketValue": "€100.00m",
    "name": "Fermín López",
    "nationality": "Spain",
    "playerId": "636703",
    "position": "Attacking Midfield",
  },
  {
    "age": 23,
    "club": "Liverpool FC",
    "flag": "https://tmssl.akamaized.net//images/flagge/head/40.png?lm=1520612525",
    "imageUrl": "https://img.a.transfermarkt.technology/portrait/header/598577-1781163178.jpg?lm=1",
    "marketValue": "€100.00m",
    "name": "Florian Wirtz",
    "nationality": "Germany",
    "playerId": "598577",
    "position": "Attacking Midfield",
  },
  {
    "age": 23,
    "club": "Bayern Munich",
    "flag": "https://tmssl.akamaized.net//images/flagge/head/40.png?lm=1520612525",
    "imageUrl": "https://img.a.transfermarkt.technology/portrait/header/580195-1781163507.jpg?lm=1",
    "marketValue": "€100.00m",
    "name": "Jamal Musiala",
    "nationality": "Germany",
    "playerId": "580195",
    "position": "Attacking Midfield",
  },
  {
    "age": 26,
    "club": "Atlético de Madrid",
    "flag": "https://tmssl.akamaized.net//images/flagge/head/9.png?lm=1520611569",
    "imageUrl": "https://img.a.transfermarkt.technology/portrait/header/576024-1684920938.jpg?lm=1",
    "marketValue": "€100.00m",
    "name": "Julián Alvarez",
    "nationality": "Argentina",
    "playerId": "576024",
    "position": "Centre-Forward",
  },
  {
    "age": 24,
    "club": "Chelsea FC",
    "flag": "https://tmssl.akamaized.net//images/flagge/head/189.png?lm=1520611569",
    "imageUrl": "https://img.a.transfermarkt.technology/portrait/header/568177-1712320986.jpg?lm=1",
    "marketValue": "€100.00m",
    "name": "Cole Palmer",
    "nationality": "England",
    "playerId": "568177",
    "position": "Attacking Midfield",
  },
  {
    "age": 25,
    "club": "Arsenal FC",
    "flag": "https://tmssl.akamaized.net//images/flagge/head/50.png?lm=1520611569",
    "imageUrl": "https://img.a.transfermarkt.technology/portrait/header/495666-1718697201.jpg?lm=1",
    "marketValue": "€100.00m",
    "name": "William Saliba",
    "nationality": "France",
    "playerId": "495666",
    "position": "Centre-Back",
  },
  {
    "age": 25,
    "club": "Liverpool FC",
    "flag": "https://tmssl.akamaized.net//images/flagge/head/178.png?lm=1521635893",
    "imageUrl": "https://img.a.transfermarkt.technology/portrait/header/451276-1758715234.jpg?lm=1",
    "marketValue": "€100.00m",
    "name": "Dominik Szoboszlai",
    "nationality": "Hungary",
    "playerId": "451276",
    "position": "Attacking Midfield",
  },
  {
    "age": 29,
    "club": "Paris Saint-Germain",
    "flag": "https://tmssl.akamaized.net//images/flagge/head/50.png?lm=1520611569",
    "imageUrl": "https://img.a.transfermarkt.technology/portrait/header/288230-1684148641.jpg?lm=1",
    "marketValue": "€100.00m",
    "name": "Ousmane Dembélé",
    "nationality": "France",
    "playerId": "288230",
    "position": "Centre-Forward",
  },
  {
    "age": 19,
    "club": "RB Leipzig",
    "flag": "https://tmssl.akamaized.net//images/flagge/head/38.png?lm=1520611569",
    "imageUrl": "https://img.a.transfermarkt.technology/portrait/header/1390649-1759779499.jpg?lm=1",
    "marketValue": "€90.00m",
    "name": "Yan Diomande",
    "nationality": "Cote d'Ivoire",
    "playerId": "1390649",
    "position": "Left Winger",
  },
  {
    "age": 21,
    "club": "Real Madrid",
    "flag": "https://tmssl.akamaized.net//images/flagge/head/174.png?lm=1520611569",
    "imageUrl": "https://img.a.transfermarkt.technology/portrait/header/861410-1699472585.jpg?lm=1",
    "marketValue": "€90.00m",
    "name": "Arda Güler",
    "nationality": "Türkiye",
    "playerId": "861410",
    "position": "Attacking Midfield",
  },
  {
    "age": 22,
    "club": "Bayern Munich",
    "flag": "https://tmssl.akamaized.net//images/flagge/head/40.png?lm=1520612525",
    "imageUrl": "https://img.a.transfermarkt.technology/portrait/header/792380-1727098078.jpg?lm=1",
    "marketValue": "€90.00m",
    "name": "Aleksandar Pavlovic",
    "nationality": "Germany",
    "playerId": "792380",
    "position": "Defensive Midfield",
  },
]
`;
