// Vitest Snapshot v1, https://vitest.dev/guide/snapshot.html

exports[`parsePlayerTable — real injured (Premier League) fixture > matches the parsed snapshot 1`] = `
[
  {
    "club": "Arsenal FC",
    "clubLogo": "https://tmssl.akamaized.net//images/wappen/head/11.png?lm=1489787850",
    "imageUrl": "https://img.a.transfermarkt.technology/portrait/header/420243-1702413077.jpg?lm=1",
    "marketValue": "€70.00m",
    "name": "Jurriën Timber",
    "playerId": "420243",
    "position": "Right-Back",
    "profileUrl": "https://www.transfermarkt.com/jurrien-timber/profil/spieler/420243",
  },
  {
    "club": "Hull City",
    "clubLogo": "https://tmssl.akamaized.net//images/wappen/head/3008.png?lm=1562662491",
    "imageUrl": "https://img.a.transfermarkt.technology/portrait/header/663264-1656928941.jpg?lm=1",
    "marketValue": "€2.00m",
    "name": "Darko Gyabi",
    "playerId": "663264",
    "position": "Central Midfield",
    "profileUrl": "https://www.transfermarkt.com/darko-gyabi/profil/spieler/663264",
  },
  {
    "club": "Brentford FC",
    "clubLogo": "https://tmssl.akamaized.net//images/wappen/head/1148.png?lm=1625150543",
    "imageUrl": "https://img.a.transfermarkt.technology/portrait/header/1071138-1748855907.jpg?lm=1",
    "marketValue": "€600k",
    "name": "Benjamin Fredrick",
    "playerId": "1071138",
    "position": "Centre-Back",
    "profileUrl": "https://www.transfermarkt.com/benjamin-fredrick/profil/spieler/1071138",
  },
  {
    "club": "Brentford FC",
    "clubLogo": "https://tmssl.akamaized.net//images/wappen/head/1148.png?lm=1625150543",
    "imageUrl": "https://img.a.transfermarkt.technology/portrait/header/915418-1754993245.png?lm=1",
    "marketValue": "€18.00m",
    "name": "Jannik Schuster",
    "playerId": "915418",
    "position": "Centre-Back",
    "profileUrl": "https://www.transfermarkt.com/jannik-schuster/profil/spieler/915418",
  },
  {
    "club": "Brentford FC",
    "clubLogo": "https://tmssl.akamaized.net//images/wappen/head/1148.png?lm=1625150543",
    "imageUrl": "https://img.a.transfermarkt.technology/portrait/header/717411-1740606151.jpg?lm=1",
    "marketValue": "€32.00m",
    "name": "Yegor Yarmolyuk",
    "playerId": "717411",
    "position": "Central Midfield",
    "profileUrl": "https://www.transfermarkt.com/yegor-yarmolyuk/profil/spieler/717411",
  },
  {
    "club": "Coventry City",
    "clubLogo": "https://tmssl.akamaized.net//images/wappen/head/990.png?lm=1684518179",
    "imageUrl": "https://img.a.transfermarkt.technology/portrait/header/713649-1733831034.jpg?lm=1",
    "marketValue": "€1.00m",
    "name": "Miguel Ángel Brau",
    "playerId": "713649",
    "position": "Left-Back",
    "profileUrl": "https://www.transfermarkt.com/miguel-angel-brau/profil/spieler/713649",
  },
  {
    "club": "Coventry City",
    "clubLogo": "https://tmssl.akamaized.net//images/wappen/head/990.png?lm=1684518179",
    "imageUrl": "https://img.a.transfermarkt.technology/portrait/header/527329-1637671679.jpg?lm=1",
    "marketValue": "€2.00m",
    "name": "Oliver Dovin",
    "playerId": "527329",
    "position": "Goalkeeper",
    "profileUrl": "https://www.transfermarkt.com/oliver-dovin/profil/spieler/527329",
  },
  {
    "club": "AFC Bournemouth",
    "clubLogo": "https://tmssl.akamaized.net//images/wappen/head/989.png?lm=1457991811",
    "imageUrl": "https://img.a.transfermarkt.technology/portrait/header/994604-1709490110.jpg?lm=1",
    "marketValue": "€1.00m",
    "name": "Matai Akinmboni",
    "playerId": "994604",
    "position": "Centre-Back",
    "profileUrl": "https://www.transfermarkt.com/matai-akinmboni/profil/spieler/994604",
  },
  {
    "club": "AFC Bournemouth",
    "clubLogo": "https://tmssl.akamaized.net//images/wappen/head/989.png?lm=1457991811",
    "imageUrl": "https://img.a.transfermarkt.technology/portrait/header/582078-1651653108.jpg?lm=1",
    "marketValue": "€325k",
    "name": "Will Dennis",
    "playerId": "582078",
    "position": "Goalkeeper",
    "profileUrl": "https://www.transfermarkt.com/will-dennis/profil/spieler/582078",
  },
  {
    "club": "Manchester United",
    "clubLogo": "https://tmssl.akamaized.net//images/wappen/head/985.png?lm=1457975903",
    "imageUrl": "https://img.a.transfermarkt.technology/portrait/header/476701-1715107512.jpg?lm=1",
    "marketValue": "€25.00m",
    "name": "Manuel Ugarte",
    "playerId": "476701",
    "position": "Defensive Midfield",
    "profileUrl": "https://www.transfermarkt.com/manuel-ugarte/profil/spieler/476701",
  },
  {
    "club": "Crystal Palace",
    "clubLogo": "https://tmssl.akamaized.net//images/wappen/head/873.png?lm=1457723287",
    "imageUrl": "https://img.a.transfermarkt.technology/portrait/header/1047261-1736159500.jpg?lm=1",
    "marketValue": "€1.00m",
    "name": "Caleb Kporha",
    "playerId": "1047261",
    "position": "Right-Back",
    "profileUrl": "https://www.transfermarkt.com/caleb-kporha/profil/spieler/1047261",
  },
  {
    "club": "Newcastle United",
    "clubLogo": "https://tmssl.akamaized.net//images/wappen/head/762.png?lm=1472921161",
    "imageUrl": "https://img.a.transfermarkt.technology/portrait/header/503981-1699383321.jpg?lm=1",
    "marketValue": "€45.00m",
    "name": "Tino Livramento",
    "playerId": "503981",
    "position": "Right-Back",
    "profileUrl": "https://www.transfermarkt.com/tino-livramento/profil/spieler/503981",
  },
  {
    "club": "Ipswich Town",
    "clubLogo": "https://tmssl.akamaized.net//images/wappen/head/677.png?lm=1407655249",
    "imageUrl": "https://img.a.transfermarkt.technology/portrait/header/621193-1731659829.jpg?lm=1",
    "marketValue": "€10.00m",
    "name": "Kasey McAteer",
    "playerId": "621193",
    "position": "Right Midfield",
    "profileUrl": "https://www.transfermarkt.com/kasey-mcateer/profil/spieler/621193",
  },
  {
    "club": "Chelsea FC",
    "clubLogo": "https://tmssl.akamaized.net//images/wappen/head/631.png?lm=1782931342",
    "imageUrl": "https://img.a.transfermarkt.technology/portrait/header/746833-1732575786.png?lm=1",
    "marketValue": "€8.00m",
    "name": "Caleb Wiley",
    "playerId": "746833",
    "position": "Left-Back",
    "profileUrl": "https://www.transfermarkt.com/caleb-wiley/profil/spieler/746833",
  },
  {
    "club": "Everton FC",
    "clubLogo": "https://tmssl.akamaized.net//images/wappen/head/29.png?lm=1445949846",
    "imageUrl": "https://img.a.transfermarkt.technology/portrait/header/538216-1679665183.jpg?lm=1",
    "marketValue": "€32.00m",
    "name": "Hayden Hackney",
    "playerId": "538216",
    "position": "Defensive Midfield",
    "profileUrl": "https://www.transfermarkt.com/hayden-hackney/profil/spieler/538216",
  },
  {
    "club": "Liverpool FC",
    "clubLogo": "https://tmssl.akamaized.net//images/wappen/head/31.png?lm=1727873452",
    "imageUrl": "https://img.a.transfermarkt.technology/portrait/header/146310-1657181542.jpg?lm=1",
    "marketValue": "€4.00m",
    "name": "Wataru Endo",
    "playerId": "146310",
    "position": "Defensive Midfield",
    "profileUrl": "https://www.transfermarkt.com/wataru-endo/profil/spieler/146310",
  },
  {
    "club": "Sunderland AFC",
    "clubLogo": "https://tmssl.akamaized.net//images/wappen/head/289.png?lm=1485645633",
    "imageUrl": "https://img.a.transfermarkt.technology/portrait/header/617755-1756751142.jpg?lm=1",
    "marketValue": "€5.00m",
    "name": "Jenson Seelt",
    "playerId": "617755",
    "position": "Centre-Back",
    "profileUrl": "https://www.transfermarkt.com/jenson-seelt/profil/spieler/617755",
  },
  {
    "club": "Sunderland AFC",
    "clubLogo": "https://tmssl.akamaized.net//images/wappen/head/289.png?lm=1485645633",
    "imageUrl": "https://img.a.transfermarkt.technology/portrait/header/277697-1724771465.jpg?lm=1",
    "marketValue": "€2.00m",
    "name": "Alan Browne",
    "playerId": "277697",
    "position": "Central Midfield",
    "profileUrl": "https://www.transfermarkt.com/alan-browne/profil/spieler/277697",
  },
  {
    "club": "Aston Villa",
    "clubLogo": "https://tmssl.akamaized.net//images/wappen/head/405.png?lm=1717155982",
    "imageUrl": "https://img.a.transfermarkt.technology/portrait/header/485706-1718697649.jpg?lm=1",
    "marketValue": "€45.00m",
    "name": "Amadou Onana",
    "playerId": "485706",
    "position": "Defensive Midfield",
    "profileUrl": "https://www.transfermarkt.com/amadou-onana/profil/spieler/485706",
  },
  {
    "club": "Arsenal FC",
    "clubLogo": "https://tmssl.akamaized.net//images/wappen/head/11.png?lm=1489787850",
    "imageUrl": "https://img.a.transfermarkt.technology/portrait/header/335721-1683275943.jpg?lm=1",
    "marketValue": "€30.00m",
    "name": "Ben White",
    "playerId": "335721",
    "position": "Right-Back",
    "profileUrl": "https://www.transfermarkt.com/ben-white/profil/spieler/335721",
  },
  {
    "club": "Nottingham Forest",
    "clubLogo": "https://tmssl.akamaized.net//images/wappen/head/703.png?lm=1598890289",
    "imageUrl": "https://img.a.transfermarkt.technology/portrait/header/392768-1659969850.png?lm=1",
    "marketValue": "€30.00m",
    "name": "Callum Hudson-Odoi",
    "playerId": "392768",
    "position": "Left Winger",
    "profileUrl": "https://www.transfermarkt.com/callum-hudson-odoi/profil/spieler/392768",
  },
  {
    "club": "Tottenham Hotspur",
    "clubLogo": "https://tmssl.akamaized.net//images/wappen/head/148.png?lm=1732011953",
    "imageUrl": "https://img.a.transfermarkt.technology/portrait/header/431755-1684943454.jpg?lm=1",
    "marketValue": "€17.00m",
    "name": "Dejan Kulusevski",
    "playerId": "431755",
    "position": "Attacking Midfield",
    "profileUrl": "https://www.transfermarkt.com/dejan-kulusevski/profil/spieler/431755",
  },
  {
    "club": "Leeds United",
    "clubLogo": "https://tmssl.akamaized.net//images/wappen/head/399.png?lm=1645652224",
    "imageUrl": "https://img.a.transfermarkt.technology/portrait/header/346707-1682341336.jpg?lm=1",
    "marketValue": "€15.00m",
    "name": "Sean Longstaff",
    "playerId": "346707",
    "position": "Central Midfield",
    "profileUrl": "https://www.transfermarkt.com/sean-longstaff/profil/spieler/346707",
  },
  {
    "club": "Brentford FC",
    "clubLogo": "https://tmssl.akamaized.net//images/wappen/head/1148.png?lm=1625150543",
    "imageUrl": "https://img.a.transfermarkt.technology/portrait/header/683620-1691146656.jpg?lm=1",
    "marketValue": "€15.00m",
    "name": "Antoni Milambo",
    "playerId": "683620",
    "position": "Attacking Midfield",
    "profileUrl": "https://www.transfermarkt.com/antoni-milambo/profil/spieler/683620",
  },
  {
    "club": "Brentford FC",
    "clubLogo": "https://tmssl.akamaized.net//images/wappen/head/1148.png?lm=1625150543",
    "imageUrl": "https://img.a.transfermarkt.technology/portrait/header/559263-1687517452.jpg?lm=1",
    "marketValue": "€8.00m",
    "name": "Fábio Carvalho",
    "playerId": "559263",
    "position": "Attacking Midfield",
    "profileUrl": "https://www.transfermarkt.com/fabio-carvalho/profil/spieler/559263",
  },
  {
    "club": "Brighton & Hove Albion",
    "clubLogo": "https://tmssl.akamaized.net//images/wappen/head/1237.png?lm=1492718902",
    "imageUrl": "https://img.a.transfermarkt.technology/portrait/header/950091-1722955946.jpg?lm=1",
    "marketValue": "€18.00m",
    "name": "Stefanos Tzimas",
    "playerId": "950091",
    "position": "Centre-Forward",
    "profileUrl": "https://www.transfermarkt.com/stefanos-tzimas/profil/spieler/950091",
  },
  {
    "club": "Aston Villa",
    "clubLogo": "https://tmssl.akamaized.net//images/wappen/head/405.png?lm=1717155982",
    "imageUrl": "https://img.a.transfermarkt.technology/portrait/header/394327-1736160460.jpg?lm=1",
    "marketValue": "€40.00m",
    "name": "Boubacar Kamara",
    "playerId": "394327",
    "position": "Defensive Midfield",
    "profileUrl": "https://www.transfermarkt.com/boubacar-kamara/profil/spieler/394327",
  },
  {
    "club": "Tottenham Hotspur",
    "clubLogo": "https://tmssl.akamaized.net//images/wappen/head/148.png?lm=1732011953",
    "imageUrl": "https://img.a.transfermarkt.technology/portrait/header/743498-1740605858.jpg?lm=1",
    "marketValue": "€18.00m",
    "name": "Wilson Odobert",
    "playerId": "743498",
    "position": "Left Winger",
    "profileUrl": "https://www.transfermarkt.com/wilson-odobert/profil/spieler/743498",
  },
  {
    "club": "Hull City",
    "clubLogo": "https://tmssl.akamaized.net//images/wappen/head/3008.png?lm=1562662491",
    "imageUrl": "https://img.a.transfermarkt.technology/portrait/header/535834-1706869303.jpg?lm=1",
    "marketValue": "€1.50m",
    "name": "Eliot Matazo",
    "playerId": "535834",
    "position": "Central Midfield",
    "profileUrl": "https://www.transfermarkt.com/eliot-matazo/profil/spieler/535834",
  },
  {
    "club": "Liverpool FC",
    "clubLogo": "https://tmssl.akamaized.net//images/wappen/head/31.png?lm=1727873452",
    "imageUrl": "https://img.a.transfermarkt.technology/portrait/header/709726-1758714741.jpg?lm=1",
    "marketValue": "€80.00m",
    "name": "Hugo Ekitiké",
    "playerId": "709726",
    "position": "Centre-Forward",
    "profileUrl": "https://www.transfermarkt.com/hugo-ekitike/profil/spieler/709726",
  },
  {
    "club": "Leeds United",
    "clubLogo": "https://tmssl.akamaized.net//images/wappen/head/399.png?lm=1645652224",
    "imageUrl": "https://img.a.transfermarkt.technology/portrait/header/834742-1749739164.jpg?lm=1",
    "marketValue": "€3.50m",
    "name": "Mateo Joseph",
    "playerId": "834742",
    "position": "Centre-Forward",
    "profileUrl": "https://www.transfermarkt.com/mateo-joseph/profil/spieler/834742",
  },
  {
    "club": "Tottenham Hotspur",
    "clubLogo": "https://tmssl.akamaized.net//images/wappen/head/148.png?lm=1732011953",
    "imageUrl": "https://img.a.transfermarkt.technology/portrait/header/566931-1729778226.jpg?lm=1",
    "marketValue": "€40.00m",
    "name": "Xavi Simons",
    "playerId": "566931",
    "position": "Attacking Midfield",
    "profileUrl": "https://www.transfermarkt.com/xavi-simons/profil/spieler/566931",
  },
]
`;
